// Jest Snapshot v1, https://goo.gl/fbAQLP

exports[`View Field Resolver - Failing Update Operation - v2 should fail to update view field when non-existent view field 1`] = `
{
  "extensions": {
    "code": "NOT_FOUND",
    "userFriendlyMessage": "An error occurred.",
  },
  "message": "View field to update not found",
  "name": "NotFoundError",
}
`;
