// Jest Snapshot v1, https://goo.gl/fbAQLP

exports[`View Field Resolver - Successful object metadata identifier update side effect on view field Should not allow creating a view field with a position lower than the label identifier view field 1`] = `
{
  "extensions": {
    "code": "BAD_USER_INPUT",
    "errors": {
      "cronTrigger": [],
      "databaseEventTrigger": [],
      "fieldMetadata": [],
      "index": [],
      "objectMetadata": [],
      "routeTrigger": [],
      "serverlessFunction": [],
      "view": [],
      "viewField": [
        {
          "errors": [
            {
              "code": "INVALID_VIEW_DATA",
              "message": "View field position cannot be lower than label identifier view field position",
              "userFriendlyMessage": "View field position cannot be lower than label identifier view field position",
            },
          ],
          "flatEntityMinimalInformation": {
            "fieldMetadataId": Any<String>,
            "id": Any<String>,
            "viewId": Any<String>,
          },
          "status": "fail",
          "type": "create_view_field",
        },
      ],
      "viewFilter": [],
      "viewGroup": [],
    },
    "message": "Validation failed for 0 object(s) and 0 field(s)",
    "summary": {
      "invalidCronTrigger": 0,
      "invalidDatabaseEventTrigger": 0,
      "invalidFieldMetadata": 0,
      "invalidIndex": 0,
      "invalidObjectMetadata": 0,
      "invalidRouteTrigger": 0,
      "invalidServerlessFunction": 0,
      "invalidView": 0,
      "invalidViewField": 0,
      "invalidViewFilter": 0,
      "invalidViewGroup": 0,
      "totalErrors": 0,
    },
    "userFriendlyMessage": "Validation failed for 0 object(s) and 0 field(s)",
  },
  "message": "Multiple validation errors occurred while creating view field",
  "name": "GraphQLError",
}
`;

exports[`View Field Resolver - Successful object metadata identifier update side effect on view field Should not allow deleting a label identifier view field 1`] = `
{
  "extensions": {
    "code": "BAD_USER_INPUT",
    "errors": {
      "cronTrigger": [],
      "databaseEventTrigger": [],
      "fieldMetadata": [],
      "index": [],
      "objectMetadata": [],
      "routeTrigger": [],
      "serverlessFunction": [],
      "view": [],
      "viewField": [
        {
          "errors": [
            {
              "code": "INVALID_VIEW_DATA",
              "message": "Label identifier view field cannot be deleted",
              "userFriendlyMessage": "Label identifier view field cannot be deleted",
            },
          ],
          "flatEntityMinimalInformation": {
            "fieldMetadataId": Any<String>,
            "id": Any<String>,
            "viewId": Any<String>,
          },
          "status": "fail",
          "type": "update_view_field",
        },
      ],
      "viewFilter": [],
      "viewGroup": [],
    },
    "message": "Validation failed for 0 object(s) and 0 field(s)",
    "summary": {
      "invalidCronTrigger": 0,
      "invalidDatabaseEventTrigger": 0,
      "invalidFieldMetadata": 0,
      "invalidIndex": 0,
      "invalidObjectMetadata": 0,
      "invalidRouteTrigger": 0,
      "invalidServerlessFunction": 0,
      "invalidView": 0,
      "invalidViewField": 0,
      "invalidViewFilter": 0,
      "invalidViewGroup": 0,
      "totalErrors": 0,
    },
    "userFriendlyMessage": "Validation failed for 0 object(s) and 0 field(s)",
  },
  "message": "Multiple validation errors occurred while deleting view field",
  "name": "GraphQLError",
}
`;

exports[`View Field Resolver - Successful object metadata identifier update side effect on view field Should not allow destroying a label identifier view field 1`] = `
{
  "extensions": {
    "code": "BAD_USER_INPUT",
    "errors": {
      "cronTrigger": [],
      "databaseEventTrigger": [],
      "fieldMetadata": [],
      "index": [],
      "objectMetadata": [],
      "routeTrigger": [],
      "serverlessFunction": [],
      "view": [],
      "viewField": [
        {
          "errors": [
            {
              "code": "INVALID_VIEW_DATA",
              "message": "Label identifier view field cannot be deleted",
              "userFriendlyMessage": "Label identifier view field cannot be deleted",
            },
          ],
          "flatEntityMinimalInformation": {
            "id": Any<String>,
          },
          "status": "fail",
          "type": "delete_view_field",
        },
      ],
      "viewFilter": [],
      "viewGroup": [],
    },
    "message": "Validation failed for 0 object(s) and 0 field(s)",
    "summary": {
      "invalidCronTrigger": 0,
      "invalidDatabaseEventTrigger": 0,
      "invalidFieldMetadata": 0,
      "invalidIndex": 0,
      "invalidObjectMetadata": 0,
      "invalidRouteTrigger": 0,
      "invalidServerlessFunction": 0,
      "invalidView": 0,
      "invalidViewField": 0,
      "invalidViewFilter": 0,
      "invalidViewGroup": 0,
      "totalErrors": 0,
    },
    "userFriendlyMessage": "Validation failed for 0 object(s) and 0 field(s)",
  },
  "message": "Multiple validation errors occurred while deleting view field",
  "name": "GraphQLError",
}
`;

exports[`View Field Resolver - Successful object metadata identifier update side effect on view field Should not allow updating a label identifier view field visibility to false 1`] = `
{
  "extensions": {
    "code": "BAD_USER_INPUT",
    "errors": {
      "cronTrigger": [],
      "databaseEventTrigger": [],
      "fieldMetadata": [],
      "index": [],
      "objectMetadata": [],
      "routeTrigger": [],
      "serverlessFunction": [],
      "view": [],
      "viewField": [
        {
          "errors": [
            {
              "code": "INVALID_VIEW_DATA",
              "message": "Label identifier view field has to be visible",
              "userFriendlyMessage": "Label identifier view field has to be visible",
            },
          ],
          "flatEntityMinimalInformation": {
            "fieldMetadataId": Any<String>,
            "id": Any<String>,
            "viewId": Any<String>,
          },
          "status": "fail",
          "type": "update_view_field",
        },
      ],
      "viewFilter": [],
      "viewGroup": [],
    },
    "message": "Validation failed for 0 object(s) and 0 field(s)",
    "summary": {
      "invalidCronTrigger": 0,
      "invalidDatabaseEventTrigger": 0,
      "invalidFieldMetadata": 0,
      "invalidIndex": 0,
      "invalidObjectMetadata": 0,
      "invalidRouteTrigger": 0,
      "invalidServerlessFunction": 0,
      "invalidView": 0,
      "invalidViewField": 0,
      "invalidViewFilter": 0,
      "invalidViewGroup": 0,
      "totalErrors": 0,
    },
    "userFriendlyMessage": "Validation failed for 0 object(s) and 0 field(s)",
  },
  "message": "Multiple validation errors occurred while updating view field",
  "name": "GraphQLError",
}
`;

exports[`View Field Resolver - Successful object metadata identifier update side effect on view field Should not allow updating labelIdentifier view field with a position higher than existing other view field 1`] = `
{
  "extensions": {
    "code": "BAD_USER_INPUT",
    "errors": {
      "cronTrigger": [],
      "databaseEventTrigger": [],
      "fieldMetadata": [],
      "index": [],
      "objectMetadata": [],
      "routeTrigger": [],
      "serverlessFunction": [],
      "view": [],
      "viewField": [
        {
          "errors": [
            {
              "code": "INVALID_VIEW_DATA",
              "message": "Label identifier view field has to be in the lowest position",
              "userFriendlyMessage": "Label identifier view field has to be in the lowest position",
            },
          ],
          "flatEntityMinimalInformation": {
            "fieldMetadataId": Any<String>,
            "id": Any<String>,
            "viewId": Any<String>,
          },
          "status": "fail",
          "type": "update_view_field",
        },
      ],
      "viewFilter": [],
      "viewGroup": [],
    },
    "message": "Validation failed for 0 object(s) and 0 field(s)",
    "summary": {
      "invalidCronTrigger": 0,
      "invalidDatabaseEventTrigger": 0,
      "invalidFieldMetadata": 0,
      "invalidIndex": 0,
      "invalidObjectMetadata": 0,
      "invalidRouteTrigger": 0,
      "invalidServerlessFunction": 0,
      "invalidView": 0,
      "invalidViewField": 0,
      "invalidViewFilter": 0,
      "invalidViewGroup": 0,
      "totalErrors": 0,
    },
    "userFriendlyMessage": "Validation failed for 0 object(s) and 0 field(s)",
  },
  "message": "Multiple validation errors occurred while updating view field",
  "name": "GraphQLError",
}
`;
