// Jest Snapshot v1, https://goo.gl/fbAQLP

exports[`calendarEventsResolver (e2e) should find many calendarEvents 1`] = `
{
  "createdAt": Any<String>,
  "deletedAt": null,
  "description": "Discuss project progress",
  "endsAt": Any<String>,
  "id": "86083141-1c0e-494c-a1b6-85b1c6fefaa5",
  "startsAt": Any<String>,
  "title": "Meeting with Christoph",
  "updatedAt": Any<String>,
}
`;

exports[`calendarEventsResolver (e2e) should find one calendarEvent 1`] = `
{
  "createdAt": Any<String>,
  "deletedAt": null,
  "description": "Discuss project progress",
  "endsAt": Any<String>,
  "id": "86083141-1c0e-494c-a1b6-85b1c6fefaa5",
  "startsAt": Any<String>,
  "title": "Meeting with Christoph",
  "updatedAt": Any<String>,
}
`;
