// Jest Snapshot v1, https://goo.gl/fbAQLP

exports[`Index metadata deletion through  creation v2 Should deleted index when all sub fields metadata gets deleted 1`] = `
{
  "indexType": "GIN",
  "isCustom": false,
  "isUnique": false,
  "name": "IDX_be6fe08944beb9886fb83dfbbf1",
}
`;
