// Jest Snapshot v1, https://goo.gl/fbAQLP

exports[`dispatchAndAddFlatFieldMetadataInFlatObjectMetadataMaps should add a new relation field to pet object 1`] = `
{
  "defaultValue": null,
  "description": "default flat field metadata description",
  "flatRelationTargetFieldMetadata": null,
  "flatRelationTargetObjectMetadata": null,
  "icon": "icon",
  "id": "field-metadata-id",
  "isActive": true,
  "isCustom": true,
  "isLabelSyncedWithName": false,
  "isNullable": true,
  "isSystem": false,
  "isUnique": false,
  "label": "flat field metadata label",
  "name": "flatFieldMetadataName",
  "objectMetadataId": "d34e0f07-1b8c-4de0-938e-599cf05e1f7f",
  "options": null,
  "relationTargetFieldMetadataId": "does-not-matter",
  "relationTargetObjectMetadataId": "d34e0f07-1b8c-4de0-938e-599cf05e1f7f",
  "settings": {
    "joinColumnName": "whateverId",
    "onDelete": "CASCADE",
    "relationType": "MANY_TO_ONE",
  },
  "standardId": null,
  "standardOverrides": null,
  "type": "RELATION",
  "uniqueIdentifier": "field-metadata-id",
  "workspaceId": "2b6477d8-0260-4ec9-9715-dbe3572c0b30",
}
`;
