// Jest Snapshot v1, https://goo.gl/fbAQLP

exports[`Create input validation - MULTI_SELECT Gql create input - failure MULTI_SELECT - should fail with : {"multiSelectField":"not-a-select-option"} 1`] = `"Value "not-a-select-option" does not exist in "ApiInputValidationTestObjectMultiSelectFieldEnum" enum."`;

exports[`Create input validation - MULTI_SELECT Gql create input - failure MULTI_SELECT - should fail with : {"multiSelectField":1} 1`] = `"Enum "ApiInputValidationTestObjectMultiSelectFieldEnum" cannot represent non-string value: 1."`;

exports[`Create input validation - MULTI_SELECT Gql create input - failure MULTI_SELECT - should fail with : {"multiSelectField":true} 1`] = `"Enum "ApiInputValidationTestObjectMultiSelectFieldEnum" cannot represent non-string value: true."`;

exports[`Create input validation - MULTI_SELECT Rest create input - failure MULTI_SELECT - should fail with : {"multiSelectField":"not-a-select-option"} 1`] = `"["malformed array literal: \\"not-a-select-option\\""]"`;

exports[`Create input validation - MULTI_SELECT Rest create input - failure MULTI_SELECT - should fail with : {"multiSelectField":1} 1`] = `"["malformed array literal: \\"1\\""]"`;

exports[`Create input validation - MULTI_SELECT Rest create input - failure MULTI_SELECT - should fail with : {"multiSelectField":true} 1`] = `"["malformed array literal: \\"true\\""]"`;
