// Jest Snapshot v1, https://goo.gl/fbAQLP

exports[`Create input validation - RATING Gql create input - failure RATING - should fail with : {"ratingField":"not-a-rating"} 1`] = `"Value "not-a-rating" does not exist in "ApiInputValidationTestObjectRatingFieldEnum" enum."`;

exports[`Create input validation - RATING Gql create input - failure RATING - should fail with : {"ratingField":[]} 1`] = `"Enum "ApiInputValidationTestObjectRatingFieldEnum" cannot represent non-string value: []."`;

exports[`Create input validation - RATING Gql create input - failure RATING - should fail with : {"ratingField":{}} 1`] = `"Enum "ApiInputValidationTestObjectRatingFieldEnum" cannot represent non-string value: {}."`;

exports[`Create input validation - RATING Gql create input - failure RATING - should fail with : {"ratingField":1} 1`] = `"Enum "ApiInputValidationTestObjectRatingFieldEnum" cannot represent non-string value: 1."`;

exports[`Create input validation - RATING Gql create input - failure RATING - should fail with : {"ratingField":true} 1`] = `"Enum "ApiInputValidationTestObjectRatingFieldEnum" cannot represent non-string value: true."`;

exports[`Create input validation - RATING Rest create input - failure RATING - should fail with : {"ratingField":"not-a-rating"} 1`] = `"["invalid input value for enum workspace_1wgvd1injqtife6y4rvfbu3h5.\\"_apiInputValidationTestObject_ratingField_enum\\": \\"not-a-rating\\""]"`;

exports[`Create input validation - RATING Rest create input - failure RATING - should fail with : {"ratingField":[]} 1`] = `"["invalid input value for enum workspace_1wgvd1injqtife6y4rvfbu3h5.\\"_apiInputValidationTestObject_ratingField_enum\\": \\"\\""]"`;

exports[`Create input validation - RATING Rest create input - failure RATING - should fail with : {"ratingField":{}} 1`] = `"["invalid input value for enum workspace_1wgvd1injqtife6y4rvfbu3h5.\\"_apiInputValidationTestObject_ratingField_enum\\": \\"[object Object]\\""]"`;

exports[`Create input validation - RATING Rest create input - failure RATING - should fail with : {"ratingField":1} 1`] = `"["invalid input value for enum workspace_1wgvd1injqtife6y4rvfbu3h5.\\"_apiInputValidationTestObject_ratingField_enum\\": \\"1\\""]"`;

exports[`Create input validation - RATING Rest create input - failure RATING - should fail with : {"ratingField":true} 1`] = `"["invalid input value for enum workspace_1wgvd1injqtife6y4rvfbu3h5.\\"_apiInputValidationTestObject_ratingField_enum\\": \\"true\\""]"`;
