// Jest Snapshot v1, https://goo.gl/fbAQLP

exports[`Object metadata creation should fail when labelPlural contains only whitespace 1`] = `"Input is too short: """`;

exports[`Object metadata creation should fail when labelPlural exceeds maximum length 1`] = `"String "AAAAAAAAAAAAAAAAAAAAAAAAAAAAAAAAAAAAAAAAAAAAAAAAAAAAAAAAAAAAAAAA" exceeds 63 characters limit"`;

exports[`Object metadata creation should fail when labelPlural is empty 1`] = `"Input is too short: """`;

exports[`Object metadata creation should fail when labelSingular contains only whitespace 1`] = `"Input is too short: """`;

exports[`Object metadata creation should fail when labelSingular exceeds maximum length 1`] = `"String "AAAAAAAAAAAAAAAAAAAAAAAAAAAAAAAAAAAAAAAAAAAAAAAAAAAAAAAAAAAAAAAA" exceeds 63 characters limit"`;

exports[`Object metadata creation should fail when labelSingular is empty 1`] = `"Input is too short: """`;

exports[`Object metadata creation should fail when labels are identical 1`] = `"The singular and plural labels cannot be the same for an object"`;

exports[`Object metadata creation should fail when labels with whitespaces result to be identical 1`] = `"The singular and plural labels cannot be the same for an object"`;

exports[`Object metadata creation should fail when name exceeds maximum length 1`] = `"String "aaaaaaaaaaaaaaaaaaaaaaaaaaaaaaaaaaaaaaaaaaaaaaaaaaaaaaaaaaaaaaaa" exceeds 63 characters limit"`;

exports[`Object metadata creation should fail when namePlural has invalid characters 1`] = `"String "μ" is not valid: must start with lowercase letter and contain only alphanumeric letters"`;

exports[`Object metadata creation should fail when namePlural is a reserved keyword 1`] = `"The name "users" is not available"`;

exports[`Object metadata creation should fail when namePlural is an empty string 1`] = `"Input is too short: """`;

exports[`Object metadata creation should fail when namePlural is not camelCased 1`] = `"Name should be in camelCase: Not_Camel_Case"`;

exports[`Object metadata creation should fail when nameSingular contains only one char and whitespaces 1`] = `"Name should be in camelCase:      a        a    "`;

exports[`Object metadata creation should fail when nameSingular contains only whitespaces 1`] = `"Name should be in camelCase:                  "`;

exports[`Object metadata creation should fail when nameSingular has invalid characters 1`] = `"String "μ" is not valid: must start with lowercase letter and contain only alphanumeric letters"`;

exports[`Object metadata creation should fail when nameSingular is a reserved keyword 1`] = `"The name "user" is not available"`;

exports[`Object metadata creation should fail when nameSingular is an empty string 1`] = `"Input is too short: """`;

exports[`Object metadata creation should fail when nameSingular is not camelCased 1`] = `"Name should be in camelCase: Not_Camel_Case"`;

exports[`Object metadata creation should fail when names are identical 1`] = `"The singular and plural names cannot be the same for an object"`;

exports[`Object metadata creation should fail when names with whitespaces result to be identical 1`] = `"Name should be in camelCase:       fooBar               "`;
