// Jest Snapshot v1, https://goo.gl/fbAQLP

exports[`View Field Resolver - Failing Create Operation - v2 should fail to create view field when non-existent field metadata 1`] = `
{
  "extensions": {
    "code": "BAD_USER_INPUT",
    "errors": {
      "index": [],
      "objectMetadata": [],
      "view": [],
      "viewField": [
        {
          "errors": [
            {
              "code": "INVALID_VIEW_DATA",
              "message": "Field metadata not found",
              "userFriendlyMessage": "Field metadata not found",
            },
          ],
          "flatEntityMinimalInformation": {
            "fieldMetadataId": Any<String>,
            "id": Any<String>,
            "viewId": Any<String>,
          },
          "status": "fail",
          "type": "create_view_field",
        },
      ],
    },
    "message": "Validation failed for 0 object(s) and 0 field(s)",
    "summary": {
      "invalidIndex": 0,
      "invalidObjectMetadata": 0,
      "invalidView": 0,
      "invalidViewField": 0,
      "totalErrors": 0,
    },
    "userFriendlyMessage": "Validation failed for 0 object(s) and 0 field(s)",
  },
  "message": "Multiple validation errors occurred while creating view field",
  "name": "GraphQLError",
}
`;

exports[`View Field Resolver - Failing Create Operation - v2 should fail to create view field when non-existent view metadata 1`] = `
{
  "extensions": {
    "code": "BAD_USER_INPUT",
    "errors": {
      "index": [],
      "objectMetadata": [],
      "view": [],
      "viewField": [
        {
          "errors": [
            {
              "code": "INVALID_VIEW_DATA",
              "message": "View not found",
              "userFriendlyMessage": "View not found",
            },
          ],
          "flatEntityMinimalInformation": {
            "fieldMetadataId": Any<String>,
            "id": Any<String>,
            "viewId": Any<String>,
          },
          "status": "fail",
          "type": "create_view_field",
        },
      ],
    },
    "message": "Validation failed for 0 object(s) and 0 field(s)",
    "summary": {
      "invalidIndex": 0,
      "invalidObjectMetadata": 0,
      "invalidView": 0,
      "invalidViewField": 0,
      "totalErrors": 0,
    },
    "userFriendlyMessage": "Validation failed for 0 object(s) and 0 field(s)",
  },
  "message": "Multiple validation errors occurred while creating view field",
  "name": "GraphQLError",
}
`;
