// Jest Snapshot v1, https://goo.gl/fbAQLP

exports[`View Sort Resolver deleteCoreViewSort should throw an error when deleting non-existent view sort 1`] = `
{
  "extensions": {
    "code": "NOT_FOUND",
    "userFriendlyMessage": "An error occurred.",
  },
  "message": "View sort (id: 20202020-e0dd-49d6-94f9-a23416fc5a50) not found",
  "name": "NotFoundError",
}
`;

exports[`View Sort Resolver destroyCoreViewSort should throw an error when destroying non-existent view sort 1`] = `
{
  "extensions": {
    "code": "NOT_FOUND",
    "userFriendlyMessage": "An error occurred.",
  },
  "message": "View sort (id: 20202020-e0dd-49d6-94f9-a23416fc5a50) not found",
  "name": "NotFoundError",
}
`;

exports[`View Sort Resolver updateCoreViewSort should throw an error when updating non-existent view sort 1`] = `
{
  "extensions": {
    "code": "NOT_FOUND",
    "userFriendlyMessage": "An error occurred.",
  },
  "message": "View sort (id: 20202020-e0dd-49d6-94f9-a23416fc5a50) not found",
  "name": "NotFoundError",
}
`;
