// Jest Snapshot v1, https://goo.gl/fbAQLP

exports[`It should compare two versions with  incomplete version1 1`] = `"Received invalid version: 1.0 1.1.0"`;

exports[`It should compare two versions with  invalid version1 1`] = `"Received invalid version: invalid 1.1.0"`;

exports[`It should compare two versions with  invalid version2 1`] = `"Received invalid version: 1.0.0 invalid"`;
