// Jest Snapshot v1, https://goo.gl/fbAQLP

exports[`fromCreateFieldInputToFlatFieldMetadatasToCreate should create morph relation field metadata with valid input on rocket object to pet object 1`] = `
{
  "result": [
    {
      "createdAt": Any<ClockDate>,
      "defaultValue": null,
      "description": "new field description",
      "flatRelationTargetFieldMetadata": {
        "createdAt": Any<ClockDate>,
        "defaultValue": null,
        "description": null,
        "flatRelationTargetFieldMetadata": {
          "createdAt": Any<ClockDate>,
          "defaultValue": null,
          "description": "new field description",
          "flatRelationTargetFieldMetadata": null,
          "flatRelationTargetObjectMetadata": {
            "createdAt": Any<String>,
            "description": null,
            "duplicateCriteria": null,
            "flatFieldMetadatas": [],
            "flatIndexMetadatas": [],
            "icon": "IconCat",
            "id": Any<String>,
            "imageIdentifierFieldMetadataId": null,
            "isActive": true,
            "isAuditLogged": true,
            "isCustom": true,
            "isLabelSyncedWithName": false,
            "isRemote": false,
            "isSearchable": true,
            "isSystem": false,
            "isUIReadOnly": false,
            "labelIdentifierFieldMetadataId": Any<String>,
            "labelPlural": "Pets",
            "labelSingular": "Pet",
            "namePlural": "pets",
            "nameSingular": "pet",
            "shortcut": null,
            "standardId": null,
            "standardOverrides": null,
            "targetTableName": "DEPRECATED",
            "uniqueIdentifier": "d34e0f07-1b8c-4de0-938e-599cf05e1f7f",
            "updatedAt": Any<String>,
            "workspaceId": Any<String>,
          },
          "icon": "IconRelationOneToMany",
          "id": Any<String>,
          "isActive": true,
          "isCustom": true,
          "isLabelSyncedWithName": false,
          "isNullable": true,
          "isSystem": false,
          "isUIReadOnly": false,
          "isUnique": null,
          "label": "newFieldLabel",
          "name": "newField",
          "objectMetadataId": Any<String>,
          "options": null,
          "relationTargetFieldMetadataId": Any<String>,
          "relationTargetObjectMetadataId": Any<String>,
          "settings": {
            "relationType": "ONE_TO_MANY",
          },
          "standardId": null,
          "standardOverrides": null,
          "type": "MORPH_RELATION",
          "uniqueIdentifier": "f3bad14d-9faf-408a-aea5-9803c836e532",
          "updatedAt": Any<ClockDate>,
          "workspaceId": Any<String>,
        },
        "flatRelationTargetObjectMetadata": {
          "createdAt": Any<String>,
          "description": "A rocket",
          "duplicateCriteria": null,
          "flatFieldMetadatas": [],
          "flatIndexMetadatas": [],
          "icon": "IconRocket",
          "id": Any<String>,
          "imageIdentifierFieldMetadataId": null,
          "isActive": true,
          "isAuditLogged": true,
          "isCustom": true,
          "isLabelSyncedWithName": false,
          "isRemote": false,
          "isSearchable": true,
          "isSystem": false,
          "isUIReadOnly": false,
          "labelIdentifierFieldMetadataId": Any<String>,
          "labelPlural": "Rockets",
          "labelSingular": "Rocket",
          "namePlural": "rockets",
          "nameSingular": "rocket",
          "shortcut": null,
          "standardId": null,
          "standardOverrides": null,
          "targetTableName": "DEPRECATED",
          "uniqueIdentifier": "d78ec657-74a4-4652-a350-1f44ff62970a",
          "updatedAt": Any<String>,
          "workspaceId": Any<String>,
        },
        "icon": "IconBuilding",
        "id": Any<String>,
        "isActive": true,
        "isCustom": true,
        "isLabelSyncedWithName": false,
        "isNullable": true,
        "isSystem": false,
        "isUIReadOnly": false,
        "isUnique": null,
        "label": "Pet",
        "name": "pet",
        "objectMetadataId": Any<String>,
        "options": null,
        "relationTargetFieldMetadataId": Any<String>,
        "relationTargetObjectMetadataId": Any<String>,
        "settings": {
          "joinColumnName": "petId",
          "onDelete": "SET_NULL",
          "relationType": "MANY_TO_ONE",
        },
        "standardId": null,
        "standardOverrides": null,
        "type": "RELATION",
        "uniqueIdentifier": "c3c5cb9f-d970-487a-8fce-59439f06d81c",
        "updatedAt": Any<ClockDate>,
        "workspaceId": Any<String>,
      },
      "flatRelationTargetObjectMetadata": {
        "createdAt": Any<String>,
        "description": null,
        "duplicateCriteria": null,
        "flatFieldMetadatas": [],
        "flatIndexMetadatas": [],
        "icon": "IconCat",
        "id": Any<String>,
        "imageIdentifierFieldMetadataId": null,
        "isActive": true,
        "isAuditLogged": true,
        "isCustom": true,
        "isLabelSyncedWithName": false,
        "isRemote": false,
        "isSearchable": true,
        "isSystem": false,
        "isUIReadOnly": false,
        "labelIdentifierFieldMetadataId": Any<String>,
        "labelPlural": "Pets",
        "labelSingular": "Pet",
        "namePlural": "pets",
        "nameSingular": "pet",
        "shortcut": null,
        "standardId": null,
        "standardOverrides": null,
        "targetTableName": "DEPRECATED",
        "uniqueIdentifier": "d34e0f07-1b8c-4de0-938e-599cf05e1f7f",
        "updatedAt": Any<String>,
        "workspaceId": Any<String>,
      },
      "icon": "IconRelationOneToMany",
      "id": Any<String>,
      "isActive": true,
      "isCustom": true,
      "isLabelSyncedWithName": false,
      "isNullable": true,
      "isSystem": false,
      "isUIReadOnly": false,
      "isUnique": null,
      "label": "newFieldLabel",
      "name": "newField",
      "objectMetadataId": Any<String>,
      "options": null,
      "relationTargetFieldMetadataId": Any<String>,
      "relationTargetObjectMetadataId": Any<String>,
      "settings": {
        "relationType": "ONE_TO_MANY",
      },
      "standardId": null,
      "standardOverrides": null,
      "type": "MORPH_RELATION",
      "uniqueIdentifier": "f3bad14d-9faf-408a-aea5-9803c836e532",
      "updatedAt": Any<ClockDate>,
      "workspaceId": Any<String>,
    },
    {
      "createdAt": Any<ClockDate>,
      "defaultValue": null,
      "description": null,
      "flatRelationTargetFieldMetadata": {
        "createdAt": Any<ClockDate>,
        "defaultValue": null,
        "description": "new field description",
        "flatRelationTargetFieldMetadata": null,
        "flatRelationTargetObjectMetadata": {
          "createdAt": Any<String>,
          "description": null,
          "duplicateCriteria": null,
          "flatFieldMetadatas": [],
          "flatIndexMetadatas": [],
          "icon": "IconCat",
          "id": Any<String>,
          "imageIdentifierFieldMetadataId": null,
          "isActive": true,
          "isAuditLogged": true,
          "isCustom": true,
          "isLabelSyncedWithName": false,
          "isRemote": false,
          "isSearchable": true,
          "isSystem": false,
          "isUIReadOnly": false,
          "labelIdentifierFieldMetadataId": Any<String>,
          "labelPlural": "Pets",
          "labelSingular": "Pet",
          "namePlural": "pets",
          "nameSingular": "pet",
          "shortcut": null,
          "standardId": null,
          "standardOverrides": null,
          "targetTableName": "DEPRECATED",
          "uniqueIdentifier": "d34e0f07-1b8c-4de0-938e-599cf05e1f7f",
          "updatedAt": Any<String>,
          "workspaceId": Any<String>,
        },
        "icon": "IconRelationOneToMany",
        "id": Any<String>,
        "isActive": true,
        "isCustom": true,
        "isLabelSyncedWithName": false,
        "isNullable": true,
        "isSystem": false,
        "isUIReadOnly": false,
        "isUnique": null,
        "label": "newFieldLabel",
        "name": "newField",
        "objectMetadataId": Any<String>,
        "options": null,
        "relationTargetFieldMetadataId": Any<String>,
        "relationTargetObjectMetadataId": Any<String>,
        "settings": {
          "relationType": "ONE_TO_MANY",
        },
        "standardId": null,
        "standardOverrides": null,
        "type": "MORPH_RELATION",
        "uniqueIdentifier": "f3bad14d-9faf-408a-aea5-9803c836e532",
        "updatedAt": Any<ClockDate>,
        "workspaceId": Any<String>,
      },
      "flatRelationTargetObjectMetadata": {
        "createdAt": Any<String>,
        "description": "A rocket",
        "duplicateCriteria": null,
        "flatFieldMetadatas": [],
        "flatIndexMetadatas": [],
        "icon": "IconRocket",
        "id": Any<String>,
        "imageIdentifierFieldMetadataId": null,
        "isActive": true,
        "isAuditLogged": true,
        "isCustom": true,
        "isLabelSyncedWithName": false,
        "isRemote": false,
        "isSearchable": true,
        "isSystem": false,
        "isUIReadOnly": false,
        "labelIdentifierFieldMetadataId": Any<String>,
        "labelPlural": "Rockets",
        "labelSingular": "Rocket",
        "namePlural": "rockets",
        "nameSingular": "rocket",
        "shortcut": null,
        "standardId": null,
        "standardOverrides": null,
        "targetTableName": "DEPRECATED",
        "uniqueIdentifier": "d78ec657-74a4-4652-a350-1f44ff62970a",
        "updatedAt": Any<String>,
        "workspaceId": Any<String>,
      },
      "icon": "IconBuilding",
      "id": Any<String>,
      "isActive": true,
      "isCustom": true,
      "isLabelSyncedWithName": false,
      "isNullable": true,
      "isSystem": false,
      "isUIReadOnly": false,
      "isUnique": null,
      "label": "Pet",
      "name": "pet",
      "objectMetadataId": Any<String>,
      "options": null,
      "relationTargetFieldMetadataId": Any<String>,
      "relationTargetObjectMetadataId": Any<String>,
      "settings": {
        "joinColumnName": "petId",
        "onDelete": "SET_NULL",
        "relationType": "MANY_TO_ONE",
      },
      "standardId": null,
      "standardOverrides": null,
      "type": "RELATION",
      "uniqueIdentifier": "c3c5cb9f-d970-487a-8fce-59439f06d81c",
      "updatedAt": Any<ClockDate>,
      "workspaceId": Any<String>,
    },
    {
      "createdAt": Any<ClockDate>,
      "defaultValue": null,
      "description": "new field description",
      "flatRelationTargetFieldMetadata": {
        "createdAt": Any<ClockDate>,
        "defaultValue": null,
        "description": null,
        "flatRelationTargetFieldMetadata": {
          "createdAt": Any<ClockDate>,
          "defaultValue": null,
          "description": "new field description",
          "flatRelationTargetFieldMetadata": null,
          "flatRelationTargetObjectMetadata": {
            "createdAt": Any<String>,
            "description": "A company",
            "duplicateCriteria": null,
            "flatFieldMetadatas": [],
            "flatIndexMetadatas": [],
            "icon": "IconBuildingSkyscraper",
            "id": Any<String>,
            "imageIdentifierFieldMetadataId": null,
            "isActive": true,
            "isAuditLogged": true,
            "isCustom": false,
            "isLabelSyncedWithName": false,
            "isRemote": false,
            "isSearchable": true,
            "isSystem": false,
            "isUIReadOnly": false,
            "labelIdentifierFieldMetadataId": Any<String>,
            "labelPlural": "Companies",
            "labelSingular": "Company",
            "namePlural": "companies",
            "nameSingular": "company",
            "shortcut": "C",
            "standardId": Any<String>,
            "standardOverrides": null,
            "targetTableName": "DEPRECATED",
            "uniqueIdentifier": "20202020-b374-4779-a561-80086cb2e17f",
            "updatedAt": Any<String>,
            "workspaceId": Any<String>,
          },
          "icon": "IconRelationOneToMany",
          "id": Any<String>,
          "isActive": true,
          "isCustom": true,
          "isLabelSyncedWithName": false,
          "isNullable": true,
          "isSystem": false,
          "isUIReadOnly": false,
          "isUnique": null,
          "label": "newFieldLabel",
          "name": "newField",
          "objectMetadataId": Any<String>,
          "options": null,
          "relationTargetFieldMetadataId": Any<String>,
          "relationTargetObjectMetadataId": Any<String>,
          "settings": {
            "relationType": "ONE_TO_MANY",
          },
          "standardId": null,
          "standardOverrides": null,
          "type": "MORPH_RELATION",
          "uniqueIdentifier": "b9bff059-75ca-44ec-b59a-4e98cd8a83b2",
          "updatedAt": Any<ClockDate>,
          "workspaceId": Any<String>,
        },
        "flatRelationTargetObjectMetadata": {
          "createdAt": Any<String>,
          "description": "A rocket",
          "duplicateCriteria": null,
          "flatFieldMetadatas": [],
          "flatIndexMetadatas": [],
          "icon": "IconRocket",
          "id": Any<String>,
          "imageIdentifierFieldMetadataId": null,
          "isActive": true,
          "isAuditLogged": true,
          "isCustom": true,
          "isLabelSyncedWithName": false,
          "isRemote": false,
          "isSearchable": true,
          "isSystem": false,
          "isUIReadOnly": false,
          "labelIdentifierFieldMetadataId": Any<String>,
          "labelPlural": "Rockets",
          "labelSingular": "Rocket",
          "namePlural": "rockets",
          "nameSingular": "rocket",
          "shortcut": null,
          "standardId": null,
          "standardOverrides": null,
          "targetTableName": "DEPRECATED",
          "uniqueIdentifier": "d78ec657-74a4-4652-a350-1f44ff62970a",
          "updatedAt": Any<String>,
          "workspaceId": Any<String>,
        },
        "icon": "IconBuilding",
        "id": Any<String>,
        "isActive": true,
        "isCustom": true,
        "isLabelSyncedWithName": false,
        "isNullable": true,
        "isSystem": false,
        "isUIReadOnly": false,
        "isUnique": null,
        "label": "Company",
        "name": "company",
        "objectMetadataId": Any<String>,
        "options": null,
        "relationTargetFieldMetadataId": Any<String>,
        "relationTargetObjectMetadataId": Any<String>,
        "settings": {
          "joinColumnName": "companyId",
          "onDelete": "SET_NULL",
          "relationType": "MANY_TO_ONE",
        },
        "standardId": null,
        "standardOverrides": null,
        "type": "RELATION",
        "uniqueIdentifier": "db6d59dc-02da-47b8-add4-92f4ca7320b2",
        "updatedAt": Any<ClockDate>,
        "workspaceId": Any<String>,
      },
      "flatRelationTargetObjectMetadata": {
        "createdAt": Any<String>,
        "description": "A company",
        "duplicateCriteria": null,
        "flatFieldMetadatas": [],
        "flatIndexMetadatas": [],
        "icon": "IconBuildingSkyscraper",
        "id": Any<String>,
        "imageIdentifierFieldMetadataId": null,
        "isActive": true,
        "isAuditLogged": true,
        "isCustom": false,
        "isLabelSyncedWithName": false,
        "isRemote": false,
        "isSearchable": true,
        "isSystem": false,
        "isUIReadOnly": false,
        "labelIdentifierFieldMetadataId": Any<String>,
        "labelPlural": "Companies",
        "labelSingular": "Company",
        "namePlural": "companies",
        "nameSingular": "company",
        "shortcut": "C",
        "standardId": Any<String>,
        "standardOverrides": null,
        "targetTableName": "DEPRECATED",
        "uniqueIdentifier": "20202020-b374-4779-a561-80086cb2e17f",
        "updatedAt": Any<String>,
        "workspaceId": Any<String>,
      },
      "icon": "IconRelationOneToMany",
      "id": Any<String>,
      "isActive": true,
      "isCustom": true,
      "isLabelSyncedWithName": false,
      "isNullable": true,
      "isSystem": false,
      "isUIReadOnly": false,
      "isUnique": null,
      "label": "newFieldLabel",
      "name": "newField",
      "objectMetadataId": Any<String>,
      "options": null,
      "relationTargetFieldMetadataId": Any<String>,
      "relationTargetObjectMetadataId": Any<String>,
      "settings": {
        "relationType": "ONE_TO_MANY",
      },
      "standardId": null,
      "standardOverrides": null,
      "type": "MORPH_RELATION",
      "uniqueIdentifier": "b9bff059-75ca-44ec-b59a-4e98cd8a83b2",
      "updatedAt": Any<ClockDate>,
      "workspaceId": Any<String>,
    },
    {
      "createdAt": Any<ClockDate>,
      "defaultValue": null,
      "description": null,
      "flatRelationTargetFieldMetadata": {
        "createdAt": Any<ClockDate>,
        "defaultValue": null,
        "description": "new field description",
        "flatRelationTargetFieldMetadata": null,
        "flatRelationTargetObjectMetadata": {
          "createdAt": Any<String>,
          "description": "A company",
          "duplicateCriteria": null,
          "flatFieldMetadatas": [],
          "flatIndexMetadatas": [],
          "icon": "IconBuildingSkyscraper",
          "id": Any<String>,
          "imageIdentifierFieldMetadataId": null,
          "isActive": true,
          "isAuditLogged": true,
          "isCustom": false,
          "isLabelSyncedWithName": false,
          "isRemote": false,
          "isSearchable": true,
          "isSystem": false,
          "isUIReadOnly": false,
          "labelIdentifierFieldMetadataId": Any<String>,
          "labelPlural": "Companies",
          "labelSingular": "Company",
          "namePlural": "companies",
          "nameSingular": "company",
          "shortcut": "C",
          "standardId": Any<String>,
          "standardOverrides": null,
          "targetTableName": "DEPRECATED",
          "uniqueIdentifier": "20202020-b374-4779-a561-80086cb2e17f",
          "updatedAt": Any<String>,
          "workspaceId": Any<String>,
        },
        "icon": "IconRelationOneToMany",
        "id": Any<String>,
        "isActive": true,
        "isCustom": true,
        "isLabelSyncedWithName": false,
        "isNullable": true,
        "isSystem": false,
        "isUIReadOnly": false,
        "isUnique": null,
        "label": "newFieldLabel",
        "name": "newField",
        "objectMetadataId": Any<String>,
        "options": null,
        "relationTargetFieldMetadataId": Any<String>,
        "relationTargetObjectMetadataId": Any<String>,
        "settings": {
          "relationType": "ONE_TO_MANY",
        },
        "standardId": null,
        "standardOverrides": null,
        "type": "MORPH_RELATION",
        "uniqueIdentifier": "b9bff059-75ca-44ec-b59a-4e98cd8a83b2",
        "updatedAt": Any<ClockDate>,
        "workspaceId": Any<String>,
      },
      "flatRelationTargetObjectMetadata": {
        "createdAt": Any<String>,
        "description": "A rocket",
        "duplicateCriteria": null,
        "flatFieldMetadatas": [],
        "flatIndexMetadatas": [],
        "icon": "IconRocket",
        "id": Any<String>,
        "imageIdentifierFieldMetadataId": null,
        "isActive": true,
        "isAuditLogged": true,
        "isCustom": true,
        "isLabelSyncedWithName": false,
        "isRemote": false,
        "isSearchable": true,
        "isSystem": false,
        "isUIReadOnly": false,
        "labelIdentifierFieldMetadataId": Any<String>,
        "labelPlural": "Rockets",
        "labelSingular": "Rocket",
        "namePlural": "rockets",
        "nameSingular": "rocket",
        "shortcut": null,
        "standardId": null,
        "standardOverrides": null,
        "targetTableName": "DEPRECATED",
        "uniqueIdentifier": "d78ec657-74a4-4652-a350-1f44ff62970a",
        "updatedAt": Any<String>,
        "workspaceId": Any<String>,
      },
      "icon": "IconBuilding",
      "id": Any<String>,
      "isActive": true,
      "isCustom": true,
      "isLabelSyncedWithName": false,
      "isNullable": true,
      "isSystem": false,
      "isUIReadOnly": false,
      "isUnique": null,
      "label": "Company",
      "name": "company",
      "objectMetadataId": Any<String>,
      "options": null,
      "relationTargetFieldMetadataId": Any<String>,
      "relationTargetObjectMetadataId": Any<String>,
      "settings": {
        "joinColumnName": "companyId",
        "onDelete": "SET_NULL",
        "relationType": "MANY_TO_ONE",
      },
      "standardId": null,
      "standardOverrides": null,
      "type": "RELATION",
      "uniqueIdentifier": "db6d59dc-02da-47b8-add4-92f4ca7320b2",
      "updatedAt": Any<ClockDate>,
      "workspaceId": Any<String>,
    },
  ],
  "status": "success",
}
`;
