// Jest Snapshot v1, https://goo.gl/fbAQLP

exports[`failing createOne unique field metadata should fail for composite type without unique subfields (FULL_NAME) 1`] = `
{
  "extensions": {
    "code": "METADATA_VALIDATION_FAILED",
    "errors": {
      "cronTrigger": [],
      "databaseEventTrigger": [],
      "fieldMetadata": [],
      "index": [
        {
          "errors": [
            {
              "code": "INDEX_FIELD_INVALID_TYPE_FOR_UNIQUE",
              "message": "Unique index cannot be created for field uniqueFullName of type FULL_NAME",
              "userFriendlyMessage": "FULL_NAME fields cannot be unique.",
            },
          ],
          "flatEntityMinimalInformation": {
            "id": Any<String>,
            "name": "IDX_UNIQUE_98d410e804d758f9bcceb154dde",
          },
          "status": "fail",
          "type": "create_index",
        },
      ],
      "objectMetadata": [],
      "routeTrigger": [],
      "serverlessFunction": [],
      "view": [],
      "viewField": [],
      "viewFilter": [],
      "viewGroup": [],
    },
    "message": "Validation failed for 0 object(s) and 0 field(s)",
    "summary": {
      "invalidCronTrigger": 0,
      "invalidDatabaseEventTrigger": 0,
      "invalidFieldMetadata": 0,
      "invalidIndex": 0,
      "invalidObjectMetadata": 0,
      "invalidRouteTrigger": 0,
      "invalidServerlessFunction": 0,
      "invalidView": 0,
      "invalidViewField": 0,
      "invalidViewFilter": 0,
      "invalidViewGroup": 0,
      "totalErrors": 0,
    },
    "userFriendlyMessage": "Validation failed for 0 object(s) and 0 field(s)",
  },
  "message": "Multiple validation errors occurred while creating fields",
  "name": "GraphQLError",
}
`;

exports[`failing createOne unique field metadata should fail when field has custom default value 1`] = `
{
  "extensions": {
    "code": "METADATA_VALIDATION_FAILED",
    "errors": {
      "cronTrigger": [],
      "databaseEventTrigger": [],
      "fieldMetadata": [],
      "index": [
        {
          "errors": [
            {
              "code": "INDEX_FIELD_INVALID_DEFAULT_VALUE",
              "message": "Unique index cannot be created for field uniqueFieldWithDefault of type TEXT",
              "userFriendlyMessage": "TEXT fields cannot have a default value.",
            },
          ],
          "flatEntityMinimalInformation": {
            "id": Any<String>,
            "name": "IDX_UNIQUE_a1b02809c523cdc853d35fbc413",
          },
          "status": "fail",
          "type": "create_index",
        },
      ],
      "objectMetadata": [],
      "routeTrigger": [],
      "serverlessFunction": [],
      "view": [],
      "viewField": [],
      "viewFilter": [],
      "viewGroup": [],
    },
    "message": "Validation failed for 0 object(s) and 0 field(s)",
    "summary": {
      "invalidCronTrigger": 0,
      "invalidDatabaseEventTrigger": 0,
      "invalidFieldMetadata": 0,
      "invalidIndex": 0,
      "invalidObjectMetadata": 0,
      "invalidRouteTrigger": 0,
      "invalidServerlessFunction": 0,
      "invalidView": 0,
      "invalidViewField": 0,
      "invalidViewFilter": 0,
      "invalidViewGroup": 0,
      "totalErrors": 0,
    },
    "userFriendlyMessage": "Validation failed for 0 object(s) and 0 field(s)",
  },
  "message": "Multiple validation errors occurred while creating fields",
  "name": "GraphQLError",
}
`;
